******************************************************************************
                  TI ARM Linker Unix v20.2.1                   
******************************************************************************
>> Linked Tue Oct  6 20:23:29 2020

OUTPUT FILE NAME:   <MCU_side.out>
ENTRY POINT SYMBOL: "_c_int00_noargs"  address: 000038b5


MEMORY CONFIGURATION

         name            origin    length      used     unused   attr    fill
----------------------  --------  ---------  --------  --------  ----  --------
  FLASH                 00000000   00040000  000040af  0003bf51  R  X
  SRAM                  20000000   00008000  00000b25  000074db  RW X


SEGMENT ALLOCATION MAP

run origin  load origin   length   init length attrs members
----------  ----------- ---------- ----------- ----- -------
00000000    00000000    000040b0   000040b0    r-x
  00000000    00000000    0000026c   0000026c    r-- .intvecs
  0000026c    0000026c    0000379c   0000379c    r-x .text
  00003a08    00003a08    00000657   00000657    r-- .const
  00004060    00004060    00000050   00000050    r-- .cinit
20000000    20000000    00000284   00000000    rw-
  20000000    20000000    0000026c   00000000    rw- .vtable
  2000026c    2000026c    00000018   00000000    rw- .data
20000400    20000400    000008a8   00000000    rw-
  20000400    20000400    000004a1   00000000    rw- .bss
  200008a8    200008a8    00000400   00000000    rw- .stack


SECTION ALLOCATION MAP

 output                                  attributes/
section   page    origin      length       input sections
--------  ----  ----------  ----------   ----------------
.intvecs   0    00000000    0000026c     
                  00000000    0000026c     tm4c123gh6pm_startup_ccs.obj (.intvecs)

.text      0    0000026c    0000379c     
                  0000026c    00000c14     gpio.obj (.text)
                  00000e80    00000a4e     rtsv7M4_T_le_v4SPD16_eabi.lib : _printfi.c.obj (.text:__TI_printfi)
                  000018ce    00000002                                   : div0.asm.obj (.text)
                  000018d0    000007fc     main.obj (.text)
                  000020cc    000003c0     interrupt.obj (.text)
                  0000248c    00000270     rtsv7M4_T_le_v4SPD16_eabi.lib : _printfi.c.obj (.text:_pconv_a)
                  000026fc    000001d0                                   : _printfi.c.obj (.text:_pconv_g)
                  000028cc    000001b6                                   : fd_add_t2.asm.obj (.text)
                  00002a82    00000002     --HOLE-- [fill = 0]
                  00002a84    0000013c                                   : _printfi.c.obj (.text:_pconv_e)
                  00002bc0    00000136                                   : fd_div_t2.asm.obj (.text)
                  00002cf6    00000002     --HOLE-- [fill = 0]
                  00002cf8    00000124                                   : _printfi.c.obj (.text:fcvt)
                  00002e1c    00000110                                   : s_scalbn.c.obj (.text:scalbn)
                  00002f2c    000000fc                                   : fd_mul_t2.asm.obj (.text)
                  00003028    000000b1                                   : _printfi.c.obj (.text:_ltostr)
                  000030d9    00000001     --HOLE-- [fill = 0]
                  000030da    000000ae     buffer.obj (.text)
                  00003188    000000a8     crc16.obj (.text)
                  00003230    0000009c     rtsv7M4_T_le_v4SPD16_eabi.lib : memcpy_t2.asm.obj (.text)
                  000032cc    00000096                                   : ull_div_t2.asm.obj (.text)
                  00003362    00000086                                   : fd_cmp_t2.asm.obj (.text:__aeabi_cdcmple)
                  000033e8    00000086                                   : fd_cmp_t2.asm.obj (.text:__aeabi_cdrcmple)
                  0000346e    0000007a                                   : memset_t2.asm.obj (.text)
                  000034e8    0000006e                                   : _printfi.c.obj (.text:_mcpy)
                  00003556    00000068                                   : copy_decompress_lzss.c.obj (.text:decompress:lzss:__TI_decompress_lzss)
                  000035be    00000002     --HOLE-- [fill = 0]
                  000035c0    00000064                                   : s_frexp.c.obj (.text:frexp)
                  00003624    00000056                                   : _printfi.c.obj (.text:_pconv_f)
                  0000367a    00000054                                   : _ltoa.c.obj (.text:__TI_ltoa)
                  000036ce    00000052                                   : _printfi.c.obj (.text:_ecpy)
                  00003720    0000004c                                   : atoi.c.obj (.text:atoi)
                  0000376c    00000048                                   : fd_toi_t2.asm.obj (.text)
                  000037b4    00000044                                   : autoinit.c.obj (.text:__TI_auto_init_nobinit_nopinit:__TI_auto_init_nobinit_nopinit)
                  000037f8    00000040                                   : sprintf.c.obj (.text:sprintf)
                  00003838    0000003e                                   : _printfi.c.obj (.text:_fcpy)
                  00003876    0000003e     cpu.obj (.text)
                  000038b4    00000034     rtsv7M4_T_le_v4SPD16_eabi.lib : boot_cortex_m.c.obj (.text:_c_int00_noargs:_c_int00_noargs)
                  000038e8    0000002e                                   : i_tofd_t2.asm.obj (.text)
                  00003916    00000028     divisible.obj (.text)
                  0000393e    0000001c     rtsv7M4_T_le_v4SPD16_eabi.lib : memccpy.c.obj (.text:memccpy)
                  0000395a    0000001a                                   : s_copysign.c.obj (.text:copysign)
                  00003974    00000018                                   : sprintf.c.obj (.text:_outs)
                  0000398c    00000016                                   : strchr.c.obj (.text:strchr)
                  000039a2    00000014                                   : strlen.c.obj (.text:strlen)
                  000039b6    00000012                                   : wcslen.c.obj (.text:wcslen)
                  000039c8    0000000e                                   : copy_decompress_none.c.obj (.text:decompress:none:__TI_decompress_none)
                  000039d6    0000000c                                   : copy_zero_init.c.obj (.text:decompress:ZI:__TI_zero_init)
                  000039e2    0000000c     tm4c123gh6pm_startup_ccs.obj (.text)
                  000039ee    0000000a     rtsv7M4_T_le_v4SPD16_eabi.lib : sprintf.c.obj (.text:_outc)
                  000039f8    00000008                                   : errno.c.obj (.text:__aeabi_errno_addr)
                  00003a00    00000004                                   : pre_init.c.obj (.text:_system_pre_init)
                  00003a04    00000004                                   : exit.c.obj (.text:abort:abort)

.const     0    00003a08    00000657     
                  00003a08    00000200     crc16.obj (.const:table)
                  00003c08    00000101     rtsv7M4_T_le_v4SPD16_eabi.lib : ctype.c.obj (.const:.string:_ctypes_)
                  00003d09    00000003     --HOLE-- [fill = 0]
                  00003d0c    000000d8     gpio.obj (.const:g_ppui32GPIOIntMapSnowflake)
                  00003de4    000000c0     gpio.obj (.const:g_ppui32GPIOIntMapBlizzard)
                  00003ea4    0000009c     interrupt.obj (.const:g_pui32Regs)
                  00003f40    00000090     gpio.obj (.const:g_pui32GPIOBaseAddrs)
                  00003fd0    00000020     interrupt.obj (.const:g_pui32Priority)
                  00003ff0    00000014     interrupt.obj (.const:g_pui32Dii16Regs)
                  00004004    00000014     interrupt.obj (.const:g_pui32EnRegs)
                  00004018    00000014     interrupt.obj (.const:g_pui32PendRegs)
                  0000402c    00000014     interrupt.obj (.const:g_pui32UnpendRegs)
                  00004040    00000011     main.obj (.const:.string:str3)
                  00004051    00000009     main.obj (.const:.string:str1)
                  0000405a    00000005     main.obj (.const:.string:str2)

.cinit     0    00004060    00000050     
                  00004060    0000001a     (.cinit..data.load) [load image, compression = lzss]
                  0000407a    00000002     --HOLE-- [fill = 0]
                  0000407c    0000000c     (__TI_handler_table)
                  00004088    00000008     (.cinit..bss.load) [load image, compression = zero_init]
                  00004090    00000008     (.cinit..vtable.load) [load image, compression = zero_init]
                  00004098    00000018     (__TI_cinit_table)

.init_array 
*          0    00000000    00000000     UNINITIALIZED

.vtable    0    20000000    0000026c     UNINITIALIZED
                  20000000    0000026c     interrupt.obj (.vtable)

.data      0    2000026c    00000018     UNINITIALIZED
                  2000026c    00000012     main.obj (.data)
                  2000027e    00000002     --HOLE--
                  20000280    00000004     rtsv7M4_T_le_v4SPD16_eabi.lib : errno.c.obj (.data)

.bss       0    20000400    000004a1     UNINITIALIZED
                  20000400    00000400     (.common:uc_control_table)
                  20000800    00000034     (.common:Rx_buffer)
                  20000834    00000034     (.common:Tx_buffer)
                  20000868    00000020     (.common:send_str)
                  20000888    00000008     (.common:buffRx)
                  20000890    00000008     (.common:buffTx)
                  20000898    00000004     (.common:crc16_Rx_bytes)
                  2000089c    00000004     (.common:crc16_Tx_bytes)
                  200008a0    00000001     (.common:user_data)

.stack     0    200008a8    00000400     UNINITIALIZED
                  200008a8    00000004     rtsv7M4_T_le_v4SPD16_eabi.lib : boot_cortex_m.c.obj (.stack)
                  200008ac    000003fc     --HOLE--

__llvm_prf_cnts 
*          0    20000000    00000000     UNINITIALIZED

MODULE SUMMARY

       Module                         code    ro data   rw data
       ------                         ----    -------   -------
    ./
       main.obj                       2044    31        1203   
       crc16.obj                      168     512       0      
       tm4c123gh6pm_startup_ccs.obj   12      620       0      
       buffer.obj                     174     0         0      
       divisible.obj                  40      0         0      
    +--+------------------------------+-------+---------+---------+
       Total:                         2438    1163      1203   
                                                               
    ./driverlib/
       gpio.obj                       3092    552       0      
       interrupt.obj                  960     268       620    
       cpu.obj                        62      0         0      
    +--+------------------------------+-------+---------+---------+
       Total:                         4114    820       620    
                                                               
    /home/kaustubh/ti/ccs1010/ccs/tools/compiler/ti-cgt-arm_20.2.1.LTS/lib/rtsv7M4_T_le_v4SPD16_eabi.lib
       _printfi.c.obj                 4851    0         0      
       fd_add_t2.asm.obj              438     0         0      
       fd_div_t2.asm.obj              310     0         0      
       s_scalbn.c.obj                 272     0         0      
       fd_cmp_t2.asm.obj              268     0         0      
       ctype.c.obj                    0       257       0      
       fd_mul_t2.asm.obj              252     0         0      
       memcpy_t2.asm.obj              156     0         0      
       ull_div_t2.asm.obj             150     0         0      
       memset_t2.asm.obj              122     0         0      
       copy_decompress_lzss.c.obj     104     0         0      
       s_frexp.c.obj                  100     0         0      
       sprintf.c.obj                  98      0         0      
       _ltoa.c.obj                    84      0         0      
       atoi.c.obj                     76      0         0      
       fd_toi_t2.asm.obj              72      0         0      
       autoinit.c.obj                 68      0         0      
       boot_cortex_m.c.obj            52      0         0      
       i_tofd_t2.asm.obj              46      0         0      
       memccpy.c.obj                  28      0         0      
       s_copysign.c.obj               26      0         0      
       strchr.c.obj                   22      0         0      
       strlen.c.obj                   20      0         0      
       wcslen.c.obj                   18      0         0      
       copy_decompress_none.c.obj     14      0         0      
       copy_zero_init.c.obj           12      0         0      
       errno.c.obj                    8       0         4      
       exit.c.obj                     4       0         0      
       pre_init.c.obj                 4       0         0      
       div0.asm.obj                   2       0         0      
    +--+------------------------------+-------+---------+---------+
       Total:                         7677    257       4      
                                                               
       Stack:                         0       0         1024   
       Linker Generated:              0       78        0      
    +--+------------------------------+-------+---------+---------+
       Grand Total:                   14229   2318      2851   


LINKER GENERATED COPY TABLES

__TI_cinit_table @ 00004098 records: 3, size/record: 8, table size: 24
	.data: load addr=00004060, load size=0000001a bytes, run addr=2000026c, run size=00000018 bytes, compression=lzss
	.bss: load addr=00004088, load size=00000008 bytes, run addr=20000400, run size=000004a1 bytes, compression=zero_init
	.vtable: load addr=00004090, load size=00000008 bytes, run addr=20000000, run size=0000026c bytes, compression=zero_init


LINKER GENERATED HANDLER TABLE

__TI_handler_table @ 0000407c records: 3, size/record: 4, table size: 12
	index: 0, handler: __TI_zero_init
	index: 1, handler: __TI_decompress_lzss
	index: 2, handler: __TI_decompress_none


GLOBAL SYMBOLS: SORTED ALPHABETICALLY BY Name 

address   name                          
-------   ----                          
00003a05  C$$EXIT                       
000038ab  CPUbasepriGet                 
0000389d  CPUbasepriSet                 
00003877  CPUcpsid                      
0000388d  CPUcpsie                      
00003883  CPUprimask                    
00003899  CPUwfi                        
00000e31  GPIOADCTriggerDisable         
00000e13  GPIOADCTriggerEnable          
00000df5  GPIODMATriggerDisable         
00000dd7  GPIODMATriggerEnable          
00000327  GPIODirModeGet                
000002cb  GPIODirModeSet                
000008e1  GPIOIntClear                  
000008a5  GPIOIntDisable                
00000881  GPIOIntEnable                 
000008f5  GPIOIntRegister               
0000092d  GPIOIntRegisterPin            
000008bf  GPIOIntStatus                 
00000417  GPIOIntTypeGet                
00000373  GPIOIntTypeSet                
00000913  GPIOIntUnregister             
0000095b  GPIOIntUnregisterPin          
0000070f  GPIOPadConfigGet              
000004a1  GPIOPadConfigSet              
00000d79  GPIOPinConfigure              
0000097f  GPIOPinRead                   
000009b7  GPIOPinTypeADC                
000009db  GPIOPinTypeCAN                
000009ff  GPIOPinTypeComparator         
00000a23  GPIOPinTypeComparatorOutput   
00000a47  GPIOPinTypeDIVSCLK            
00000a6b  GPIOPinTypeEPI                
00000a8f  GPIOPinTypeEthernetLED        
00000ab3  GPIOPinTypeEthernetMII        
00000ad7  GPIOPinTypeGPIOInput          
00000afb  GPIOPinTypeGPIOOutput         
00000b25  GPIOPinTypeGPIOOutputOD       
00000b49  GPIOPinTypeHibernateRTCCLK    
00000b6d  GPIOPinTypeI2C                
00000b91  GPIOPinTypeI2CSCL             
00000bb5  GPIOPinTypeLCD                
00000bd9  GPIOPinTypeOneWire            
00000bfd  GPIOPinTypePWM                
00000c21  GPIOPinTypeQEI                
00000c45  GPIOPinTypeSSI                
00000c69  GPIOPinTypeTimer              
00000c8d  GPIOPinTypeTrace              
00000cb1  GPIOPinTypeUART               
00000cd5  GPIOPinTypeUSBAnalog          
00000cf9  GPIOPinTypeUSBDigital         
00000d1d  GPIOPinTypeWakeHigh           
00000d43  GPIOPinTypeWakeLow            
00000d69  GPIOPinWakeStatus             
00000997  GPIOPinWrite                  
00000e4f  GPIOUnlockPin                 
0000228d  IntDisable                    
0000221b  IntEnable                     
000022ff  IntIsEnabled                  
000020df  IntMasterDisable              
000020cf  IntMasterEnable               
000023f5  IntPendClear                  
00002385  IntPendSet                    
000021f7  IntPriorityGet                
0000216f  IntPriorityGroupingGet        
00002155  IntPriorityGroupingSet        
0000244f  IntPriorityMaskGet            
00002443  IntPriorityMaskSet            
000021a7  IntPrioritySet                
000020ef  IntRegister                   
00002457  IntTrigger                    
00002141  IntUnregister                 
000039e3  ResetISR                      
20000800  Rx_buffer                     
2000026d  Rx_data_flag                  
20000834  Tx_buffer                     
2000026c  Tx_data_flag                  
00001b55  UART0_Handler                 
00001aed  UART_config                   
00001a1d  UART_init                     
20000ca8  __STACK_END                   
00000400  __STACK_SIZE                  
20000aa8  __STACK_TOP                   
00004098  __TI_CINIT_Base               
000040b0  __TI_CINIT_Limit              
0000407c  __TI_Handler_Table_Base       
00004088  __TI_Handler_Table_Limit      
000037b5  __TI_auto_init_nobinit_nopinit
00003557  __TI_decompress_lzss          
000039c9  __TI_decompress_none          
0000367b  __TI_ltoa                     
ffffffff  __TI_pprof_out_hndl           
00000e81  __TI_printfi                  
ffffffff  __TI_prof_data_size           
ffffffff  __TI_prof_data_start          
00000000  __TI_static_base__            
000039d7  __TI_zero_init                
00003363  __aeabi_cdcmpeq               
00003363  __aeabi_cdcmple               
000033e9  __aeabi_cdrcmple              
0000376d  __aeabi_d2iz                  
000028d7  __aeabi_dadd                  
00002bc1  __aeabi_ddiv                  
00002f2d  __aeabi_dmul                  
000028cd  __aeabi_dsub                  
000039f9  __aeabi_errno_addr            
000038e9  __aeabi_i2d                   
000018cf  __aeabi_idiv0                 
000018cf  __aeabi_ldiv0                 
0000346f  __aeabi_memclr                
0000346f  __aeabi_memclr4               
0000346f  __aeabi_memclr8               
00003231  __aeabi_memcpy                
00003231  __aeabi_memcpy4               
00003231  __aeabi_memcpy8               
00003471  __aeabi_memset                
00003471  __aeabi_memset4               
00003471  __aeabi_memset8               
000032cd  __aeabi_uldivmod              
ffffffff  __binit__                     
ffffffff  __c_args__                    
UNDEFED   __mpu_init                    
200008a8  __stack                       
20000000  __start___llvm_prf_cnts       
20000000  __stop___llvm_prf_cnts        
000038b5  _c_int00_noargs               
00003c08  _ctypes_                      
UNDEFED   _system_post_cinit            
00003a01  _system_pre_init              
00003a05  abort                         
00003721  atoi                          
ffffffff  binit                         
20000888  buffRx                        
20000890  buffTx                        
000030f9  buffer_add                    
00003129  buffer_get                    
000030db  buffer_init                   
00003151  buffer_space                  
0000395b  copysign                      
0000395b  copysignl                     
20000898  crc16_Rx_bytes                
2000089c  crc16_Tx_bytes                
00003189  crc16_ccitt                   
2000026f  data_received                 
2000026e  data_sent                     
00003917  divisible                     
20000280  errno                         
20000270  feedback_status               
000035c1  frexp                         
000035c1  frexpl                        
20000000  g_pfnRAMVectors               
00000000  g_pfnVectors                  
00002e1d  ldexp                         
00002e1d  ldexpl                        
000018d1  main                          
0000393f  memccpy                       
00003231  memcpy                        
00003477  memset                        
00001f85  onBoardLED                    
00001c99  parse_message                 
000019e9  portF_config                  
00002e1d  scalbn                        
00002e1d  scalbnl                       
00001d31  select_str                    
00001ee9  send_data                     
00001e09  send_message                  
20000868  send_str                      
000037f9  sprintf                       
0000398d  strchr                        
000039a3  strlen                        
00001c35  timer0B_config                
00001bed  timer1A_config                
00001ad5  uDMA_Error_Handler            
00001a85  uDMA_config_UART0             
00001a51  uDMA_init                     
20000400  uc_control_table              
200008a0  user_data                     
000031eb  validate_message              
000039b7  wcslen                        


GLOBAL SYMBOLS: SORTED BY Symbol Address 

address   name                          
-------   ----                          
00000000  __TI_static_base__            
00000000  g_pfnVectors                  
000002cb  GPIODirModeSet                
00000327  GPIODirModeGet                
00000373  GPIOIntTypeSet                
00000400  __STACK_SIZE                  
00000417  GPIOIntTypeGet                
000004a1  GPIOPadConfigSet              
0000070f  GPIOPadConfigGet              
00000881  GPIOIntEnable                 
000008a5  GPIOIntDisable                
000008bf  GPIOIntStatus                 
000008e1  GPIOIntClear                  
000008f5  GPIOIntRegister               
00000913  GPIOIntUnregister             
0000092d  GPIOIntRegisterPin            
0000095b  GPIOIntUnregisterPin          
0000097f  GPIOPinRead                   
00000997  GPIOPinWrite                  
000009b7  GPIOPinTypeADC                
000009db  GPIOPinTypeCAN                
000009ff  GPIOPinTypeComparator         
00000a23  GPIOPinTypeComparatorOutput   
00000a47  GPIOPinTypeDIVSCLK            
00000a6b  GPIOPinTypeEPI                
00000a8f  GPIOPinTypeEthernetLED        
00000ab3  GPIOPinTypeEthernetMII        
00000ad7  GPIOPinTypeGPIOInput          
00000afb  GPIOPinTypeGPIOOutput         
00000b25  GPIOPinTypeGPIOOutputOD       
00000b49  GPIOPinTypeHibernateRTCCLK    
00000b6d  GPIOPinTypeI2C                
00000b91  GPIOPinTypeI2CSCL             
00000bb5  GPIOPinTypeLCD                
00000bd9  GPIOPinTypeOneWire            
00000bfd  GPIOPinTypePWM                
00000c21  GPIOPinTypeQEI                
00000c45  GPIOPinTypeSSI                
00000c69  GPIOPinTypeTimer              
00000c8d  GPIOPinTypeTrace              
00000cb1  GPIOPinTypeUART               
00000cd5  GPIOPinTypeUSBAnalog          
00000cf9  GPIOPinTypeUSBDigital         
00000d1d  GPIOPinTypeWakeHigh           
00000d43  GPIOPinTypeWakeLow            
00000d69  GPIOPinWakeStatus             
00000d79  GPIOPinConfigure              
00000dd7  GPIODMATriggerEnable          
00000df5  GPIODMATriggerDisable         
00000e13  GPIOADCTriggerEnable          
00000e31  GPIOADCTriggerDisable         
00000e4f  GPIOUnlockPin                 
00000e81  __TI_printfi                  
000018cf  __aeabi_idiv0                 
000018cf  __aeabi_ldiv0                 
000018d1  main                          
000019e9  portF_config                  
00001a1d  UART_init                     
00001a51  uDMA_init                     
00001a85  uDMA_config_UART0             
00001ad5  uDMA_Error_Handler            
00001aed  UART_config                   
00001b55  UART0_Handler                 
00001bed  timer1A_config                
00001c35  timer0B_config                
00001c99  parse_message                 
00001d31  select_str                    
00001e09  send_message                  
00001ee9  send_data                     
00001f85  onBoardLED                    
000020cf  IntMasterEnable               
000020df  IntMasterDisable              
000020ef  IntRegister                   
00002141  IntUnregister                 
00002155  IntPriorityGroupingSet        
0000216f  IntPriorityGroupingGet        
000021a7  IntPrioritySet                
000021f7  IntPriorityGet                
0000221b  IntEnable                     
0000228d  IntDisable                    
000022ff  IntIsEnabled                  
00002385  IntPendSet                    
000023f5  IntPendClear                  
00002443  IntPriorityMaskSet            
0000244f  IntPriorityMaskGet            
00002457  IntTrigger                    
000028cd  __aeabi_dsub                  
000028d7  __aeabi_dadd                  
00002bc1  __aeabi_ddiv                  
00002e1d  ldexp                         
00002e1d  ldexpl                        
00002e1d  scalbn                        
00002e1d  scalbnl                       
00002f2d  __aeabi_dmul                  
000030db  buffer_init                   
000030f9  buffer_add                    
00003129  buffer_get                    
00003151  buffer_space                  
00003189  crc16_ccitt                   
000031eb  validate_message              
00003231  __aeabi_memcpy                
00003231  __aeabi_memcpy4               
00003231  __aeabi_memcpy8               
00003231  memcpy                        
000032cd  __aeabi_uldivmod              
00003363  __aeabi_cdcmpeq               
00003363  __aeabi_cdcmple               
000033e9  __aeabi_cdrcmple              
0000346f  __aeabi_memclr                
0000346f  __aeabi_memclr4               
0000346f  __aeabi_memclr8               
00003471  __aeabi_memset                
00003471  __aeabi_memset4               
00003471  __aeabi_memset8               
00003477  memset                        
00003557  __TI_decompress_lzss          
000035c1  frexp                         
000035c1  frexpl                        
0000367b  __TI_ltoa                     
00003721  atoi                          
0000376d  __aeabi_d2iz                  
000037b5  __TI_auto_init_nobinit_nopinit
000037f9  sprintf                       
00003877  CPUcpsid                      
00003883  CPUprimask                    
0000388d  CPUcpsie                      
00003899  CPUwfi                        
0000389d  CPUbasepriSet                 
000038ab  CPUbasepriGet                 
000038b5  _c_int00_noargs               
000038e9  __aeabi_i2d                   
00003917  divisible                     
0000393f  memccpy                       
0000395b  copysign                      
0000395b  copysignl                     
0000398d  strchr                        
000039a3  strlen                        
000039b7  wcslen                        
000039c9  __TI_decompress_none          
000039d7  __TI_zero_init                
000039e3  ResetISR                      
000039f9  __aeabi_errno_addr            
00003a01  _system_pre_init              
00003a05  C$$EXIT                       
00003a05  abort                         
00003c08  _ctypes_                      
0000407c  __TI_Handler_Table_Base       
00004088  __TI_Handler_Table_Limit      
00004098  __TI_CINIT_Base               
000040b0  __TI_CINIT_Limit              
20000000  __start___llvm_prf_cnts       
20000000  __stop___llvm_prf_cnts        
20000000  g_pfnRAMVectors               
2000026c  Tx_data_flag                  
2000026d  Rx_data_flag                  
2000026e  data_sent                     
2000026f  data_received                 
20000270  feedback_status               
20000280  errno                         
20000400  uc_control_table              
20000800  Rx_buffer                     
20000834  Tx_buffer                     
20000868  send_str                      
20000888  buffRx                        
20000890  buffTx                        
20000898  crc16_Rx_bytes                
2000089c  crc16_Tx_bytes                
200008a0  user_data                     
200008a8  __stack                       
20000aa8  __STACK_TOP                   
20000ca8  __STACK_END                   
ffffffff  __TI_pprof_out_hndl           
ffffffff  __TI_prof_data_size           
ffffffff  __TI_prof_data_start          
ffffffff  __binit__                     
ffffffff  __c_args__                    
ffffffff  binit                         
UNDEFED   __mpu_init                    
UNDEFED   _system_post_cinit            

[179 symbols]
